// Jest Snapshot v1, https://goo.gl/fbAQLP

exports[`Should render addCountdownItem component correctly 1`] = `
<div>
  <h1>
    Add countdown
  </h1>
  <CountdownForm
    onSubmit={[Function]}
  />
</div>
`;
