// Jest Snapshot v1, https://goo.gl/fbAQLP

exports[`Should render Dasboard correctly 1`] = `
<div>
  <CountdownSummary />
  <[object Object] />
  <[object Object] />
</div>
`;
